[backblue.gif]
[fade.gif]
[index.html]
[images-na.ssl-images-amazon.com/images/I/61A6IErPNXL._RC_11Fd9tJOdtL.css,11tfezETfFL.css,31Q3id-QR0L.css,31U9HrBLKmL.css_b1fc.css]
[images-na.ssl-images-amazon.com/images/I/01SdjaY0ZsL._RC_31jdWD+JB+L.css,41HbnNS3IWL.css_7e0c.css]
[images-na.ssl-images-amazon.com/images/I/11niB2yr5DLc8b6.css]
[images-na.ssl-images-amazon.com/images/I/01wGDSlxwdLf98e.js]
[images-na.ssl-images-amazon.com/images/I/41TAiLbvyRLc8b6.js]
[images-na.ssl-images-amazon.com/images/I/818jIy8T6BLf1d7.js]
[images-na.ssl-images-amazon.com/images/I/31jdfgcsPAL5973.js]
[images-na.ssl-images-amazon.com/images/I/819PzLyzJVLac85.js]
[images-na.ssl-images-amazon.com/images/I/7195RJQQs1La250.js]
[images-na.ssl-images-amazon.com/images/I/31YXrY93hfL.js]
[m.media-amazon.com/images/G/01/csm/showads.v2e564.js]
[www.amazon.com/ap/signinc138.html]
[c.amazon-adsystem.com/bao-csm/forensics/a9-tq-forensics-incremental.min.js]
[m.media-amazon.com/images/S/sash/mPGmT0r6IeTyIee.png]
[m.media-amazon.com/images/S/sash/tRfJHOgYB6QY-yf.gif]
[images-na.ssl-images-amazon.com/images/I/61A6IErPNXL._RC_11Fd9tJOdtL.css,11tfezETfFL.css,31Q3id-QR0L.css,31U9HrBLKmL.css_b1fc.css]
[images-na.ssl-images-amazon.com/images/I/01SdjaY0ZsL._RC_31jdWD+JB+L.css,41HbnNS3IWL.css_7e0c.css]
[m.media-amazon.com/images/S/sash/Pq46CmXZMTyTAdQ.png]
[images-na.ssl-images-amazon.com/images/I/11niB2yr5DLc8b6.css]
[images-na.ssl-images-amazon.com/images/I/01wGDSlxwdLf98e.js]
[images-na.ssl-images-amazon.com/images/I/41TAiLbvyRLc8b6.js]
[images-na.ssl-images-amazon.com/images/I/818jIy8T6BLf1d7.js]
[images-na.ssl-images-amazon.com/images/I/31jdfgcsPAL5973.js]
[images-na.ssl-images-amazon.com/images/I/819PzLyzJVLac85.js]
[images-na.ssl-images-amazon.com/images/I/7195RJQQs1La250.js]
[www.amazon.com/ap/POST.html]
[www.amazon.com/ap/forgotpassworda54f.html]
[www.amazon.com/ap/registera54f.html]
[images-na.ssl-images-amazon.com/images/I/31YXrY93hfL.js]
[m.media-amazon.com/images/G/01/csm/showads.v2e564.js]
[www.amazon.com/ap/GET.html]
[www.amazon.com/ap/node_modules/css-loader/dist/runtime/api.html]
[www.amazon.com/ap/node_modules/build-url-ts/dist/build-url.html]
[www.amazon.com/ap/src/css/iframe.html]
[www.amazon.com/ap/node_modules/style-loader/dist/runtime/injectStylesIntoStyleTag.html]
